2026-07-29T15:12:54.192Z Workday: acehardware - 500 - Internal Server Error
2026-07-29T15:12:59.583Z Ashby: atomicsemi - 404 - Not Found
2026-07-29T15:13:15.308Z Workday: cff - 422 - Unprocessable Entity
2026-07-29T15:13:16.752Z Workday: cliftonlarsonallen - 422 - Unprocessable Entity
2026-07-29T15:13:25.585Z Workday: elkay - 500 - Internal Server Error
2026-07-29T15:13:32.016Z Workday: geico - 500 - Internal Server Error
2026-07-29T15:13:33.268Z Workday: gtsgbu - 403 - Forbidden
2026-07-29T15:13:40.398Z Workday: kar - 422 - Unprocessable Entity
2026-07-29T15:13:47.765Z Ashby: morrishealthtech - 404 - Not Found
2026-07-29T15:13:50.982Z Workday: nordstrom - 500 - Internal Server Error
2026-07-29T15:13:52.017Z Workday: osv-rubicon - 422 - Unprocessable Entity
2026-07-29T15:13:52.081Z Workday: osv-tifec - 422 - Unprocessable Entity
2026-07-29T15:13:53.650Z Workday: plexus - 422 - Unprocessable Entity
2026-07-29T15:13:57.920Z Workday: regions - 500 - Internal Server Error
2026-07-29T15:14:06.250Z Greenhouse: stokespace - 404 - Not Found
2026-07-29T15:14:08.032Z Workday: symbotic - 422 - Unprocessable Entity
2026-07-29T15:14:12.241Z Workday: truist - 500 - Internal Server Error
2026-07-29T15:14:14.595Z Workday: vhr-genband - 422 - Unprocessable Entity
2026-07-29T15:14:14.708Z Workday: vhr-otsuka - 422 - Unprocessable Entity
2026-08-09T16:29:27.853Z Workday: acehardware - 500 - Internal Server Error
2026-08-09T16:30:30.659Z Workday: cff - 422 - Unprocessable Entity
2026-08-09T16:30:35.921Z Workday: cliftonlarsonallen - 422 - Unprocessable Entity
2026-08-09T16:30:58.934Z Workday: elkay - 500 - Internal Server Error
2026-08-09T16:31:19.584Z Workday: geico - 500 - Internal Server Error
2026-08-09T16:31:24.174Z Workday: gtsgbu - 403 - Forbidden
2026-08-09T16:31:39.096Z Workday: idexx - 422 - Unprocessable Entity
2026-08-09T16:31:49.473Z Workday: kar - 422 - Unprocessable Entity
2026-08-09T16:32:10.483Z Eightfold: mlp - 403 - FORBIDDEN
2026-08-09T16:32:12.514Z Ashby: morrishealthtech - 404 - Not Found
2026-08-09T16:32:22.020Z Workday: nordstrom - 500 - Internal Server Error
2026-08-09T16:32:26.263Z Workday: osv-rubicon - 422 - Unprocessable Entity
2026-08-09T16:32:26.630Z Workday: osv-tifec - 422 - Unprocessable Entity
2026-08-09T16:32:26.779Z Workday: otis - 422 - Unprocessable Entity
2026-08-09T16:32:32.304Z Workday: plexus - 422 - Unprocessable Entity
2026-08-09T16:32:44.730Z Workday: regions - 500 - Internal Server Error
2026-08-09T16:33:19.485Z Workday: symbotic - 422 - Unprocessable Entity
2026-08-09T16:33:32.936Z Workday: truist - 500 - Internal Server Error
2026-08-09T16:33:42.821Z Workday: vhr-otsuka - 422 - Unprocessable Entity
2026-08-09T16:33:42.969Z Workday: vhr-genband - 422 - Unprocessable Entity
2026-08-20T17:32:06.704Z Workday: acehardware - 500 - Internal Server Error
2026-08-20T17:32:50.513Z Workday: cff - 422 - Unprocessable Entity
2026-08-20T17:32:54.204Z Workday: cliftonlarsonallen - 422 - Unprocessable Entity
2026-08-20T17:33:11.199Z Workday: elkay - 500 - Internal Server Error
2026-08-20T17:33:24.588Z Workday: geico - 500 - Internal Server Error
2026-08-20T17:33:27.813Z Workday: gtsgbu - 403 - Forbidden
2026-08-20T17:33:36.922Z Workday: idexx - 422 - Unprocessable Entity
2026-08-20T17:33:40.385Z Greenhouse: jobs - 404 - Not Found
2026-08-20T17:33:43.539Z Workday: kar - 422 - Unprocessable Entity
2026-08-20T17:33:56.949Z Eightfold: mlp - 403 - FORBIDDEN
2026-08-20T17:34:04.449Z Workday: nordstrom - 500 - Internal Server Error
2026-08-20T17:34:08.102Z Workday: osv-tifec - 422 - Unprocessable Entity
2026-08-20T17:34:08.135Z Workday: osv-rubicon - 422 - Unprocessable Entity
2026-08-20T17:34:08.146Z Workday: otis - 422 - Unprocessable Entity
2026-08-20T17:34:11.566Z Workday: plexus - 422 - Unprocessable Entity
2026-08-20T17:34:18.636Z Workday: regions - 500 - Internal Server Error
2026-08-20T17:34:51.619Z Workday: symbotic - 422 - Unprocessable Entity
2026-08-20T17:34:56.037Z Workday: truist - 500 - Internal Server Error
2026-08-20T17:35:03.222Z Workday: vhr-genband - 422 - Unprocessable Entity
2026-08-20T17:35:03.568Z Workday: vhr-otsuka - 422 - Unprocessable Entity
2026-08-20T17:35:06.294Z Workday: walmart - 422 - Unprocessable Entity
2026-08-20T19:22:08.576Z Workday: acehardware - 500 - Internal Server Error
2026-08-20T19:22:45.365Z Workday: cff - 422 - Unprocessable Entity
2026-08-20T19:22:48.950Z Workday: cliftonlarsonallen - 422 - Unprocessable Entity
2026-08-20T19:23:04.238Z Workday: elkay - 500 - Internal Server Error
2026-08-20T19:23:18.575Z Workday: geico - 500 - Internal Server Error
2026-08-20T19:23:21.417Z Workday: gtsgbu - 403 - Forbidden
2026-08-20T19:23:30.335Z Workday: idexx - 422 - Unprocessable Entity
2026-08-20T19:23:37.860Z Workday: kar - 422 - Unprocessable Entity
2026-08-20T19:23:52.381Z Eightfold: mlp - 403 - FORBIDDEN
2026-08-20T19:24:00.680Z Workday: nordstrom - 500 - Internal Server Error
2026-08-20T19:24:03.935Z Workday: osv-rubicon - 422 - Unprocessable Entity
2026-08-20T19:24:04.394Z Workday: osv-tifec - 422 - Unprocessable Entity
2026-08-20T19:24:04.586Z Workday: otis - 422 - Unprocessable Entity
2026-08-20T19:24:07.428Z Workday: plexus - 422 - Unprocessable Entity
2026-08-20T19:24:15.258Z Workday: regions - 500 - Internal Server Error
2026-08-20T19:24:40.253Z Workday: symbotic - 422 - Unprocessable Entity
2026-08-20T19:24:50.101Z Workday: truist - 500 - Internal Server Error
2026-08-20T19:24:56.123Z Workday: vhr-genband - 422 - Unprocessable Entity
2026-08-20T19:24:56.179Z Workday: vhr-otsuka - 422 - Unprocessable Entity
2026-08-20T19:24:58.458Z Workday: walmart - 422 - Unprocessable Entity
2026-09-01T22:29:35.343Z Workday: acehardware - 500 - Internal Server Error
2026-09-01T22:29:50.340Z Eightfold: apply.careers.microsoft.com - 429 - TOO MANY REQUESTS
2026-09-01T22:30:07.120Z Workday: cff - 422 - Unprocessable Entity
2026-09-01T22:30:10.060Z Workday: cliftonlarsonallen - 422 - Unprocessable Entity
2026-09-01T22:30:10.572Z Workday: cmu - 422 - Unprocessable Entity
2026-09-01T22:30:11.672Z Workday: comcast - 410 - Gone
2026-09-01T22:30:25.281Z Workday: elkay - 500 - Internal Server Error
2026-09-01T22:30:34.448Z Workday: geico - 500 - Internal Server Error
2026-09-01T22:30:35.060Z Greenhouse: glossgenius - 404 - Not Found
2026-09-01T22:30:36.810Z Workday: gtsgbu - 403 - Forbidden
2026-09-01T22:30:45.056Z Workday: idexx - 422 - Unprocessable Entity
2026-09-01T22:30:48.179Z Greenhouse: jobs - 404 - Not Found
2026-09-01T22:30:50.317Z Workday: kar - 422 - Unprocessable Entity
2026-09-01T22:30:59.958Z Eightfold: mlp - 403 - FORBIDDEN
2026-09-01T22:31:00.888Z Greenhouse: mqreferrals - 404 - Not Found
2026-09-01T22:31:05.350Z Workday: nordstrom - 500 - Internal Server Error
2026-09-01T22:31:07.039Z Workday: osv-rubicon - 422 - Unprocessable Entity
2026-09-01T22:31:07.267Z Workday: osv-tifec - 422 - Unprocessable Entity
2026-09-01T22:31:07.457Z Workday: otis - 422 - Unprocessable Entity
2026-09-01T22:31:09.397Z Workday: plexus - 422 - Unprocessable Entity
2026-09-01T22:31:14.478Z Workday: regions - 500 - Internal Server Error
2026-09-01T22:31:28.808Z Lever: SprinterHealth - 404 - Not Found
2026-09-01T22:31:32.056Z Workday: symbotic - 422 - Unprocessable Entity
2026-09-01T22:31:38.137Z Workday: truist - 500 - Internal Server Error
2026-09-01T22:31:42.011Z Workday: vhr-genband - 422 - Unprocessable Entity
2026-09-01T22:31:42.427Z Workday: vhr-otsuka - 422 - Unprocessable Entity
2026-09-01T22:31:43.602Z Workday: walmart - 422 - Unprocessable Entity
2026-09-01T22:51:47.082Z Workday: acehardware - 500 - Internal Server Error
2026-09-01T22:52:12.455Z Workday: cff - 422 - Unprocessable Entity
2026-09-01T22:52:14.654Z Workday: cliftonlarsonallen - 422 - Unprocessable Entity
2026-09-01T22:52:15.377Z Workday: cmu - 422 - Unprocessable Entity
2026-09-01T22:52:16.147Z Workday: comcast - 410 - Gone
2026-09-01T22:52:24.591Z Workday: elkay - 500 - Internal Server Error
2026-09-01T22:52:34.254Z Workday: geico - 500 - Internal Server Error
2026-09-01T22:52:34.529Z Greenhouse: glossgenius - 404 - Not Found
2026-09-01T22:52:36.526Z Workday: gtsgbu - 403 - Forbidden
2026-09-01T22:52:44.352Z Workday: idexx - 422 - Unprocessable Entity
2026-09-01T22:52:48.084Z Greenhouse: jobs - 404 - Not Found
2026-09-01T22:52:50.207Z Workday: kar - 422 - Unprocessable Entity
2026-09-01T22:52:59.759Z Eightfold: mlp - 403 - FORBIDDEN
2026-09-01T22:53:00.805Z Greenhouse: mqreferrals - 404 - Not Found
2026-09-01T22:53:04.737Z Workday: nordstrom - 500 - Internal Server Error
2026-09-01T22:53:06.936Z Workday: osv-rubicon - 422 - Unprocessable Entity
2026-09-01T22:53:07.083Z Workday: osv-tifec - 422 - Unprocessable Entity
2026-09-01T22:53:07.313Z Workday: otis - 422 - Unprocessable Entity
2026-09-01T22:53:09.536Z Workday: plexus - 422 - Unprocessable Entity
2026-09-01T22:53:14.106Z Workday: regions - 500 - Internal Server Error
2026-09-01T22:53:25.717Z Lever: SprinterHealth - 404 - Not Found
2026-09-01T22:53:28.595Z Workday: symbotic - 422 - Unprocessable Entity
2026-09-01T22:53:34.565Z Workday: truist - 500 - Internal Server Error
2026-09-01T22:53:38.526Z Workday: vhr-genband - 422 - Unprocessable Entity
2026-09-01T22:53:38.639Z Workday: vhr-otsuka - 422 - Unprocessable Entity
2026-09-01T22:53:39.790Z Workday: walmart - 422 - Unprocessable Entity
